// Jest Snapshot v1, https://goo.gl/fbAQLP

exports[`Nav renders without crashing 1`] = `
ShallowWrapper {
  "complexSelector": ComplexSelector {
    "buildPredicate": [Function],
    "childrenOfNode": [Function],
    "findWhereUnwrapped": [Function],
  },
  "length": 1,
  "node": <nav
    className="nav"
>
    <NavLink
        activeClassName="selected"
        className="btn btn-ghost"
        exact={true}
        to="/"
    >
        Home
    </NavLink>
    <NavLink
        activeClassName="selected"
        className="btn btn-ghost"
        to="/posts"
    >
        Posts
    </NavLink>
</nav>,
  "nodes": Array [
    <nav
      className="nav"
>
      <NavLink
            activeClassName="selected"
            className="btn btn-ghost"
            exact={true}
            to="/"
      >
            Home
      </NavLink>
      <NavLink
            activeClassName="selected"
            className="btn btn-ghost"
            to="/posts"
      >
            Posts
      </NavLink>
</nav>,
  ],
  "options": Object {},
  "renderer": ReactShallowRenderer {
    "_instance": ShallowComponentWrapper {
      "_calledComponentWillUnmount": false,
      "_compositeType": 0,
      "_context": Object {},
      "_currentElement": <Nav />,
      "_debugID": 1,
      "_hostContainerInfo": null,
      "_hostParent": null,
      "_instance": Nav {
        "_reactInternalInstance": [Circular],
        "context": Object {},
        "props": Object {},
        "refs": Object {},
        "state": null,
        "updater": Object {
          "enqueueCallback": [Function],
          "enqueueCallbackInternal": [Function],
          "enqueueElementInternal": [Function],
          "enqueueForceUpdate": [Function],
          "enqueueReplaceState": [Function],
          "enqueueSetState": [Function],
          "isMounted": [Function],
          "validateCallback": [Function],
        },
      },
      "_mountOrder": 1,
      "_pendingCallbacks": null,
      "_pendingElement": null,
      "_pendingForceUpdate": false,
      "_pendingReplaceState": false,
      "_pendingStateQueue": null,
      "_renderedComponent": NoopInternalComponent {
        "_currentElement": <nav
          className="nav"
>
          <NavLink
                    activeClassName="selected"
                    className="btn btn-ghost"
                    exact={true}
                    to="/"
          >
                    Home
          </NavLink>
          <NavLink
                    activeClassName="selected"
                    className="btn btn-ghost"
                    to="/posts"
          >
                    Posts
          </NavLink>
</nav>,
        "_debugID": 2,
        "_renderedOutput": <nav
          className="nav"
>
          <NavLink
                    activeClassName="selected"
                    className="btn btn-ghost"
                    exact={true}
                    to="/"
          >
                    Home
          </NavLink>
          <NavLink
                    activeClassName="selected"
                    className="btn btn-ghost"
                    to="/posts"
          >
                    Posts
          </NavLink>
</nav>,
      },
      "_renderedNodeType": 0,
      "_rootNodeID": 0,
      "_topLevelWrapper": null,
      "_updateBatchNumber": null,
      "_warnedAboutRefsInRender": false,
    },
    "getRenderOutput": [Function],
    "render": [Function],
  },
  "root": [Circular],
  "unrendered": <Nav />,
}
`;
