// Jest Snapshot v1, https://goo.gl/fbAQLP

exports[`Root renders without crashing 1`] = `
ShallowWrapper {
  "complexSelector": ComplexSelector {
    "buildPredicate": [Function],
    "childrenOfNode": [Function],
    "findWhereUnwrapped": [Function],
  },
  "length": 1,
  "node": <div>
    <div
        className="header"
    >
        <h1
            className="main-header"
        >
            react-redux-boilerplate
        </h1>
        <Nav />
    </div>
</div>,
  "nodes": Array [
    <div>
      <div
            className="header"
      >
            <h1
                  className="main-header"
            >
                  react-redux-boilerplate
            </h1>
            <Nav />
      </div>
</div>,
  ],
  "options": Object {},
  "renderer": ReactShallowRenderer {
    "_instance": ShallowComponentWrapper {
      "_calledComponentWillUnmount": false,
      "_compositeType": 0,
      "_context": Object {},
      "_currentElement": <Root />,
      "_debugID": 1,
      "_hostContainerInfo": null,
      "_hostParent": null,
      "_instance": Root {
        "_reactInternalInstance": [Circular],
        "context": Object {},
        "props": Object {
          "children": null,
        },
        "refs": Object {},
        "state": null,
        "updater": Object {
          "enqueueCallback": [Function],
          "enqueueCallbackInternal": [Function],
          "enqueueElementInternal": [Function],
          "enqueueForceUpdate": [Function],
          "enqueueReplaceState": [Function],
          "enqueueSetState": [Function],
          "isMounted": [Function],
          "validateCallback": [Function],
        },
      },
      "_mountOrder": 1,
      "_pendingCallbacks": null,
      "_pendingElement": null,
      "_pendingForceUpdate": false,
      "_pendingReplaceState": false,
      "_pendingStateQueue": null,
      "_renderedComponent": NoopInternalComponent {
        "_currentElement": <div>
          <div
                    className="header"
          >
                    <h1
                              className="main-header"
                    >
                              react-redux-boilerplate
                    </h1>
                    <Nav />
          </div>
</div>,
        "_debugID": 2,
        "_renderedOutput": <div>
          <div
                    className="header"
          >
                    <h1
                              className="main-header"
                    >
                              react-redux-boilerplate
                    </h1>
                    <Nav />
          </div>
</div>,
      },
      "_renderedNodeType": 0,
      "_rootNodeID": 0,
      "_topLevelWrapper": null,
      "_updateBatchNumber": null,
      "_warnedAboutRefsInRender": false,
    },
    "getRenderOutput": [Function],
    "render": [Function],
  },
  "root": [Circular],
  "unrendered": <Root />,
}
`;
